// Jest Snapshot v1, https://goo.gl/fbAQLP

exports[`ComboSelect matches snapshot 1`] = `
<DocumentFragment>
  <div
    class="relative max-w-max"
  >
    <div>
      <button
        class="outline-none bg-transparent cursor-pointer"
      >
        <div>
          Select
        </div>
      </button>
    </div>
  </div>
</DocumentFragment>
`;
