// Jest Snapshot v1, https://goo.gl/fbAQLP

exports[`Select matches snapshot 1`] = `
<DocumentFragment>
  <div
    class="min-w-[150px]"
    role="combobox"
  >
    <div
      class="relative mt-1"
    >
      <button
        aria-expanded="false"
        aria-haspopup="listbox"
        class="relative w-full cursor-pointer rounded-[6px] bg-white py-1 pl-2 pr-10 text-left border border-[#D0D5DD] focus:outline-none  text-[#252C32] text-sm"
        data-headlessui-state=""
        id="headlessui-listbox-button-2"
        type="button"
      >
        <span
          class="block truncate"
        >
          Option 1
        </span>
        <span
          class="pointer-events-none absolute inset-y-0 right-0 flex items-center pr-2 text-xs"
        >
          <svg
            aria-hidden="true"
            class=" text-[#6E7C87]"
            fill="currentColor"
            height="1em"
            stroke="currentColor"
            stroke-width="0"
            viewBox="0 0 448 512"
            width="1em"
            xmlns="http://www.w3.org/2000/svg"
          >
            <path
              d="M207.029 381.476L12.686 187.132c-9.373-9.373-9.373-24.569 0-33.941l22.667-22.667c9.357-9.357 24.522-9.375 33.901-.04L224 284.505l154.745-154.021c9.379-9.335 24.544-9.317 33.901.04l22.667 22.667c9.373 9.373 9.373 24.569 0 33.941L240.971 381.476c-9.373 9.372-24.569 9.372-33.942 0z"
            />
          </svg>
        </span>
      </button>
    </div>
  </div>
</DocumentFragment>
`;
