// Jest Snapshot v1, https://goo.gl/fbAQLP

exports[`StatusCard matches snapshot 1`] = `
<DocumentFragment>
  <div
    class="flex border border-[#E5E9EB] rounded-lg"
  >
    <div
      class="bg-[#EFEFEF] w-[208px] rounded-l-lg border-r border-[#D0D5DD] overflow-hidden"
    >
      <button
        class=" hover:bg-gray-50 px-4 py-[19px] text-[18px] text-[#636363] text-left flex gap-x-[5px] items-center leading-[24px] w-full capitalize border-[#D0D5DD] border-b last-of-type:border-b-0"
        data-testid="all branches-btn"
        name="all branches"
        type="button"
      >
        <svg
          class="invisible text-sterling-red-800"
          fill="currentColor"
          height="1em"
          stroke="currentColor"
          stroke-width="0"
          viewBox="0 0 1024 1024"
          width="1em"
          xmlns="http://www.w3.org/2000/svg"
        >
          <path
            d="M715.8 493.5L335 165.1c-14.2-12.2-35-1.2-35 18.5v656.8c0 19.7 20.8 30.7 35 18.5l380.8-328.4c10.9-9.4 10.9-27.6 0-37z"
          />
        </svg>
         all branches
      </button>
      <button
        class=" hover:bg-gray-50 px-4 py-[19px] text-[18px] text-[#636363] text-left flex gap-x-[5px] items-center leading-[24px] w-full capitalize border-[#D0D5DD] border-b last-of-type:border-b-0"
        data-testid="requests-btn"
        name="requests"
        type="button"
      >
        <svg
          class="invisible text-sterling-red-800"
          fill="currentColor"
          height="1em"
          stroke="currentColor"
          stroke-width="0"
          viewBox="0 0 1024 1024"
          width="1em"
          xmlns="http://www.w3.org/2000/svg"
        >
          <path
            d="M715.8 493.5L335 165.1c-14.2-12.2-35-1.2-35 18.5v656.8c0 19.7 20.8 30.7 35 18.5l380.8-328.4c10.9-9.4 10.9-27.6 0-37z"
          />
        </svg>
         requests
      </button>
    </div>
    <div
      class="flex-1 bg-white py-[10px] px-[22px] rounded-r-lg flex justify-between"
    >
      <div
        class="flex gap-x-5 py-[14px] pl-[20px]"
      >
        <button
          class="border min-w-[60px] rounded-lg py-1 px-[15px] flex flex-col cursor-pointer relative bg-[#EFEFEF] border-[#D0D5DD] after:content-[\\"\\"] after:w-1 after:h-[80%] after:absolute after:border-r after:right-[-12px] after:top-1/2 after:translate-y-[-50%] after:border-[#E5E9EB] last-of-type:after:content-none"
          data-testid="all"
        >
          <span
            class="text-sm capitalize font-semibold"
            style="color: rgb(37, 44, 50);"
          >
            all
          </span>
          <span
            class="text-2xl xl:text-4xl text-[#252C32] font-semibold"
          >
            0
          </span>
        </button>
        <button
          class="border min-w-[60px] rounded-lg py-1 px-[15px] flex flex-col cursor-pointer relative border-transparent hover:bg-gray-50 hover:border-[#D0D5DD] after:content-[\\"\\"] after:w-1 after:h-[80%] after:absolute after:border-r after:right-[-12px] after:top-1/2 after:translate-y-[-50%] after:border-[#E5E9EB] last-of-type:after:content-none"
          data-testid="approved"
        >
          <span
            class="text-sm capitalize font-normal"
            style="color: rgb(47, 183, 85);"
          >
            approved
          </span>
          <span
            class="text-2xl xl:text-4xl text-[#252C32] font-semibold"
          >
            0
          </span>
        </button>
        <button
          class="border min-w-[60px] rounded-lg py-1 px-[15px] flex flex-col cursor-pointer relative border-transparent hover:bg-gray-50 hover:border-[#D0D5DD] after:content-[\\"\\"] after:w-1 after:h-[80%] after:absolute after:border-r after:right-[-12px] after:top-1/2 after:translate-y-[-50%] after:border-[#E5E9EB] last-of-type:after:content-none"
          data-testid="in-review"
        >
          <span
            class="text-sm capitalize font-normal"
            style="color: rgb(63, 162, 247);"
          >
            in-review
          </span>
          <span
            class="text-2xl xl:text-4xl text-[#252C32] font-semibold"
          >
            0
          </span>
        </button>
        <button
          class="border min-w-[60px] rounded-lg py-1 px-[15px] flex flex-col cursor-pointer relative border-transparent hover:bg-gray-50 hover:border-[#D0D5DD] after:content-[\\"\\"] after:w-1 after:h-[80%] after:absolute after:border-r after:right-[-12px] after:top-1/2 after:translate-y-[-50%] after:border-[#E5E9EB] last-of-type:after:content-none"
          data-testid="in-issue"
        >
          <span
            class="text-sm capitalize font-normal"
            style="color: rgb(207, 42, 42);"
          >
            in-issue
          </span>
          <span
            class="text-2xl xl:text-4xl text-[#252C32] font-semibold"
          >
            0
          </span>
        </button>
        <button
          class="border min-w-[60px] rounded-lg py-1 px-[15px] flex flex-col cursor-pointer relative border-transparent hover:bg-gray-50 hover:border-[#D0D5DD] after:content-[\\"\\"] after:w-1 after:h-[80%] after:absolute after:border-r after:right-[-12px] after:top-1/2 after:translate-y-[-50%] after:border-[#E5E9EB] last-of-type:after:content-none"
          data-testid="draft"
        >
          <span
            class="text-sm capitalize font-normal"
            style="color: rgb(170, 170, 170);"
          >
            draft
          </span>
          <span
            class="text-2xl xl:text-4xl text-[#252C32] font-semibold"
          >
            0
          </span>
        </button>
      </div>
      <div>
        <div
          class="min-w-[150px]"
          role="combobox"
        >
          <div
            class="relative mt-1"
          >
            <button
              aria-expanded="false"
              aria-haspopup="listbox"
              class="relative w-full cursor-pointer rounded-[6px] bg-white py-1 pl-2 pr-10 text-left border border-[#D0D5DD] focus:outline-none  text-[#252C32] text-sm"
              data-headlessui-state=""
              id="headlessui-listbox-button-2"
              type="button"
            >
              <span
                class="block truncate"
              >
                Initiated by me
              </span>
              <span
                class="pointer-events-none absolute inset-y-0 right-0 flex items-center pr-2 text-xs"
              >
                <svg
                  aria-hidden="true"
                  class=" text-[#6E7C87]"
                  fill="currentColor"
                  height="1em"
                  stroke="currentColor"
                  stroke-width="0"
                  viewBox="0 0 448 512"
                  width="1em"
                  xmlns="http://www.w3.org/2000/svg"
                >
                  <path
                    d="M207.029 381.476L12.686 187.132c-9.373-9.373-9.373-24.569 0-33.941l22.667-22.667c9.357-9.357 24.522-9.375 33.901-.04L224 284.505l154.745-154.021c9.379-9.335 24.544-9.317 33.901.04l22.667 22.667c9.373 9.373 9.373 24.569 0 33.941L240.971 381.476c-9.373 9.372-24.569 9.372-33.942 0z"
                  />
                </svg>
              </span>
            </button>
          </div>
        </div>
      </div>
    </div>
  </div>
</DocumentFragment>
`;
