// Jest Snapshot v1, https://goo.gl/fbAQLP

exports[`ApprovedSuccess Modal matches snapshot 1`] = `<DocumentFragment />`;
