// Jest Snapshot v1, https://goo.gl/fbAQLP

exports[`BranchView Modal matches snapshot 1`] = `<DocumentFragment />`;
