// Jest Snapshot v1, https://goo.gl/fbAQLP

exports[`BranchDetail Modal matches snapshot 1`] = `<DocumentFragment />`;
