// Jest Snapshot v1, https://goo.gl/fbAQLP

exports[`ProductDetail Renders without crashing 1`] = `
Object {
  "asFragment": [Function],
  "baseElement": <body>
    <div
      aria-hidden="true"
    >
      <div
        style="position: fixed; top: 1px; left: 1px; width: 1px; height: 0px; padding: 0px; margin: -1px; overflow: hidden; clip: rect(0px, 0px, 0px, 0px); white-space: nowrap; border-width: 0px; display: none;"
      />
    </div>
    <div
      id="headlessui-portal-root"
    >
      <div
        data-headlessui-portal=""
      >
        <button
          aria-hidden="true"
          data-headlessui-focus-guard="true"
          style="position: fixed; top: 1px; left: 1px; width: 1px; height: 0px; padding: 0px; margin: -1px; overflow: hidden; clip: rect(0px, 0px, 0px, 0px); white-space: nowrap; border-width: 0px;"
          type="button"
        />
        <div>
          <div
            aria-modal="true"
            class="relative z-[9999]"
            data-headlessui-state="open"
            data-testid="dialog"
            id="headlessui-dialog-1"
            role="dialog"
          >
            <div
              class="fixed inset-0 bg-black bg-opacity-25 ease-out duration-300 opacity-0"
            />
            <div
              class="fixed inset-0 overflow-y-auto"
              data-testid="Layout"
            >
              <div
                class="flex min-h-full items-center justify-center p-4 text-center"
              >
                <div
                  class="relative transform overflow-hidden rounded-lg text-left align-middle transition-all ease-out duration-300 opacity-0 scale-95"
                >
                  <div
                    class="relative  w-[1218px]  rounded-lg bg-white"
                    data-testid="product-view"
                  >
                    <div
                      class="h-[500px] flex items-center justify-center"
                      data-testid="loading-spinner"
                    >
                      <div
                        class="spinner-border h-11 w-11 border-t border-danger-500 rounded-full animate-spin"
                      />
                    </div>
                  </div>
                </div>
              </div>
            </div>
          </div>
        </div>
        <button
          aria-hidden="true"
          data-headlessui-focus-guard="true"
          style="position: fixed; top: 1px; left: 1px; width: 1px; height: 0px; padding: 0px; margin: -1px; overflow: hidden; clip: rect(0px, 0px, 0px, 0px); white-space: nowrap; border-width: 0px;"
          type="button"
        />
      </div>
    </div>
  </body>,
  "container": <div
    aria-hidden="true"
  >
    <div
      style="position: fixed; top: 1px; left: 1px; width: 1px; height: 0px; padding: 0px; margin: -1px; overflow: hidden; clip: rect(0px, 0px, 0px, 0px); white-space: nowrap; border-width: 0px; display: none;"
    />
  </div>,
  "debug": [Function],
  "findAllByAltText": [Function],
  "findAllByDisplayValue": [Function],
  "findAllByLabelText": [Function],
  "findAllByPlaceholderText": [Function],
  "findAllByRole": [Function],
  "findAllByTestId": [Function],
  "findAllByText": [Function],
  "findAllByTitle": [Function],
  "findByAltText": [Function],
  "findByDisplayValue": [Function],
  "findByLabelText": [Function],
  "findByPlaceholderText": [Function],
  "findByRole": [Function],
  "findByTestId": [Function],
  "findByText": [Function],
  "findByTitle": [Function],
  "getAllByAltText": [Function],
  "getAllByDisplayValue": [Function],
  "getAllByLabelText": [Function],
  "getAllByPlaceholderText": [Function],
  "getAllByRole": [Function],
  "getAllByTestId": [Function],
  "getAllByText": [Function],
  "getAllByTitle": [Function],
  "getByAltText": [Function],
  "getByDisplayValue": [Function],
  "getByLabelText": [Function],
  "getByPlaceholderText": [Function],
  "getByRole": [Function],
  "getByTestId": [Function],
  "getByText": [Function],
  "getByTitle": [Function],
  "queryAllByAltText": [Function],
  "queryAllByDisplayValue": [Function],
  "queryAllByLabelText": [Function],
  "queryAllByPlaceholderText": [Function],
  "queryAllByRole": [Function],
  "queryAllByTestId": [Function],
  "queryAllByText": [Function],
  "queryAllByTitle": [Function],
  "queryByAltText": [Function],
  "queryByDisplayValue": [Function],
  "queryByLabelText": [Function],
  "queryByPlaceholderText": [Function],
  "queryByRole": [Function],
  "queryByTestId": [Function],
  "queryByText": [Function],
  "queryByTitle": [Function],
  "rerender": [Function],
  "store": Object {
    "@@observable": [Function],
    "dispatch": [Function],
    "getState": [Function],
    "replaceReducer": [Function],
    "subscribe": [Function],
  },
  "unmount": [Function],
}
`;
