// Jest Snapshot v1, https://goo.gl/fbAQLP

exports[`Dropdown matches snapshot 1`] = `
<DocumentFragment>
  <div
    class=""
  >
    <div
      class="relative inline-block text-left"
      data-headlessui-state=""
    >
      <span
        class="inline-flex rounded-md"
      >
        <button
          aria-expanded="false"
          aria-haspopup="menu"
          class="inline-flex w-full justify-center px-4 py-2 text-sm "
          data-headlessui-state=""
          data-testid="trigger"
          id="headlessui-menu-button-3"
          type="button"
        >
          <svg
            class=" text-sterling-red-800"
            fill="currentColor"
            height="1em"
            stroke="currentColor"
            strokeWidth="0"
            viewBox="0 0 448 512"
            width="1em"
            xmlns="http://www.w3.org/2000/svg"
          >
            <path
              d="M16 132h416c8.837 0 16-7.163 16-16V76c0-8.837-7.163-16-16-16H16C7.163 60 0 67.163 0 76v40c0 8.837 7.163 16 16 16zm0 160h416c8.837 0 16-7.163 16-16v-40c0-8.837-7.163-16-16-16H16c-8.837 0-16 7.163-16 16v40c0 8.837 7.163 16 16 16zm0 160h416c8.837 0 16-7.163 16-16v-40c0-8.837-7.163-16-16-16H16c-8.837 0-16 7.163-16 16v40c0 8.837 7.163 16 16 16z"
            />
          </svg>
        </button>
      </span>
    </div>
  </div>
</DocumentFragment>
`;
